// Jest Snapshot v1, https://goo.gl/fbAQLP

exports[`Buttons are rendered correctly Buttons snapshots match 1`] = `
Array [
  <button
    className="button"
    type="button"
  >
    A/C
  </button>,
  <button
    className="button"
    type="button"
  >
    +/-
  </button>,
  <button
    className="button"
    type="button"
  >
    %
  </button>,
  <button
    className="button operator"
    type="button"
  >
    รท
  </button>,
  <button
    className="button"
    type="button"
  >
    7
  </button>,
  <button
    className="button"
    type="button"
  >
    8
  </button>,
  <button
    className="button"
    type="button"
  >
    9
  </button>,
  <button
    className="button operator"
    type="button"
  >
    x
  </button>,
  <button
    className="button"
    type="button"
  >
    4
  </button>,
  <button
    className="button"
    type="button"
  >
    5
  </button>,
  <button
    className="button"
    type="button"
  >
    6
  </button>,
  <button
    className="button operator"
    type="button"
  >
    -
  </button>,
  <button
    className="button"
    type="button"
  >
    1
  </button>,
  <button
    className="button"
    type="button"
  >
    2
  </button>,
  <button
    className="button"
    type="button"
  >
    3
  </button>,
  <button
    className="button operator"
    type="button"
  >
    +
  </button>,
  <button
    className="button zero"
    type="button"
  >
    0
  </button>,
  <button
    className="button"
    type="button"
  >
    .
  </button>,
  <button
    className="button operator"
    type="button"
  >
    =
  </button>,
]
`;
