// Jest Snapshot v1, https://goo.gl/fbAQLP

exports[`NavBar Should render elements correctly 1`] = `
<nav
  className="nav"
>
  <h1>
    Math Magicians
  </h1>
  <ul>
    <li>
      <a
        aria-current="page"
        className="active"
        href="/"
        onClick={[Function]}
      >
        Home
      </a>
    </li>
    <li>
      <a
        className=""
        href="/calculator"
        onClick={[Function]}
      >
        Calculator
      </a>
    </li>
    <li>
      <a
        className=""
        href="/quote"
        onClick={[Function]}
      >
        Quote
      </a>
    </li>
  </ul>
</nav>
`;
